add 1 msg
add 2 msg
“add d add 3 msg
add 5 msg
add 6 msg
